#-----------------------------------------------------------
# Vivado v2024.1 (64-bit)
# SW Build 5076996 on Wed May 22 18:37:14 MDT 2024
# IP Build 5075265 on Wed May 22 21:45:21 MDT 2024
# SharedData Build 5076995 on Wed May 22 18:29:18 MDT 2024
# Start of session at: Tue Nov  5 10:16:20 2024
# Process ID: 23852
# Current directory: C:/Users/21047/code/curry_code_summay/rtl_works/BNN_on_fpga/vivado_workspace/vivado_workspace.runs/synth_1
# Command line: vivado.exe -log CNN_top.vds -product Vivado -mode batch -messageDb vivado.pb -notrace -source CNN_top.tcl
# Log file: C:/Users/21047/code/curry_code_summay/rtl_works/BNN_on_fpga/vivado_workspace/vivado_workspace.runs/synth_1/CNN_top.vds
# Journal file: C:/Users/21047/code/curry_code_summay/rtl_works/BNN_on_fpga/vivado_workspace/vivado_workspace.runs/synth_1\vivado.jou
# Running On        :curry
# Platform          :Windows Server 2016 or Windows 10
# Operating System  :22631
# Processor Detail  :AMD Ryzen 5 7500F 6-Core Processor             
# CPU Frequency     :3700 MHz
# CPU Physical cores:6
# CPU Logical cores :12
# Host memory       :34014 MB
# Swap memory       :19327 MB
# Total Virtual     :53341 MB
# Available Virtual :31383 MB
#-----------------------------------------------------------
source CNN_top.tcl -notrace
